Archive member included to satisfy reference by file (symbol)

c:/st/stm32cubeide_1.5.1/stm32cubeide/plugins/com.st.stm32cube.ide.mcu.externaltools.gnu-tools-for-stm32.7-2018-q2-update.win32_1.5.0.202011040924/tools/bin/../lib/gcc/arm-none-eabi/7.3.1/../../../../arm-none-eabi/lib/thumb/v7e-m/fpv5/hard\libc_nano.a(lib_a-errno.o)
                              Core/Src/syscalls.o (__errno)
c:/st/stm32cubeide_1.5.1/stm32cubeide/plugins/com.st.stm32cube.ide.mcu.externaltools.gnu-tools-for-stm32.7-2018-q2-update.win32_1.5.0.202011040924/tools/bin/../lib/gcc/arm-none-eabi/7.3.1/../../../../arm-none-eabi/lib/thumb/v7e-m/fpv5/hard\libc_nano.a(lib_a-exit.o)
                              c:/st/stm32cubeide_1.5.1/stm32cubeide/plugins/com.st.stm32cube.ide.mcu.externaltools.gnu-tools-for-stm32.7-2018-q2-update.win32_1.5.0.202011040924/tools/bin/../lib/gcc/arm-none-eabi/7.3.1/../../../../arm-none-eabi/lib/thumb/v7e-m/fpv5/hard/crt0.o (exit)
c:/st/stm32cubeide_1.5.1/stm32cubeide/plugins/com.st.stm32cube.ide.mcu.externaltools.gnu-tools-for-stm32.7-2018-q2-update.win32_1.5.0.202011040924/tools/bin/../lib/gcc/arm-none-eabi/7.3.1/../../../../arm-none-eabi/lib/thumb/v7e-m/fpv5/hard\libc_nano.a(lib_a-impure.o)
                              c:/st/stm32cubeide_1.5.1/stm32cubeide/plugins/com.st.stm32cube.ide.mcu.externaltools.gnu-tools-for-stm32.7-2018-q2-update.win32_1.5.0.202011040924/tools/bin/../lib/gcc/arm-none-eabi/7.3.1/../../../../arm-none-eabi/lib/thumb/v7e-m/fpv5/hard\libc_nano.a(lib_a-exit.o) (_global_impure_ptr)
c:/st/stm32cubeide_1.5.1/stm32cubeide/plugins/com.st.stm32cube.ide.mcu.externaltools.gnu-tools-for-stm32.7-2018-q2-update.win32_1.5.0.202011040924/tools/bin/../lib/gcc/arm-none-eabi/7.3.1/../../../../arm-none-eabi/lib/thumb/v7e-m/fpv5/hard\libc_nano.a(lib_a-init.o)
                              c:/st/stm32cubeide_1.5.1/stm32cubeide/plugins/com.st.stm32cube.ide.mcu.externaltools.gnu-tools-for-stm32.7-2018-q2-update.win32_1.5.0.202011040924/tools/bin/../lib/gcc/arm-none-eabi/7.3.1/../../../../arm-none-eabi/lib/thumb/v7e-m/fpv5/hard/crt0.o (__libc_init_array)
c:/st/stm32cubeide_1.5.1/stm32cubeide/plugins/com.st.stm32cube.ide.mcu.externaltools.gnu-tools-for-stm32.7-2018-q2-update.win32_1.5.0.202011040924/tools/bin/../lib/gcc/arm-none-eabi/7.3.1/../../../../arm-none-eabi/lib/thumb/v7e-m/fpv5/hard\libc_nano.a(lib_a-memcpy-stub.o)
                              Drivers/STM32H7xx_HAL_Driver/Src/stm32h7xx_hal_fdcan.o (memcpy)
c:/st/stm32cubeide_1.5.1/stm32cubeide/plugins/com.st.stm32cube.ide.mcu.externaltools.gnu-tools-for-stm32.7-2018-q2-update.win32_1.5.0.202011040924/tools/bin/../lib/gcc/arm-none-eabi/7.3.1/../../../../arm-none-eabi/lib/thumb/v7e-m/fpv5/hard\libc_nano.a(lib_a-memset.o)
                              c:/st/stm32cubeide_1.5.1/stm32cubeide/plugins/com.st.stm32cube.ide.mcu.externaltools.gnu-tools-for-stm32.7-2018-q2-update.win32_1.5.0.202011040924/tools/bin/../lib/gcc/arm-none-eabi/7.3.1/../../../../arm-none-eabi/lib/thumb/v7e-m/fpv5/hard/crt0.o (memset)
c:/st/stm32cubeide_1.5.1/stm32cubeide/plugins/com.st.stm32cube.ide.mcu.externaltools.gnu-tools-for-stm32.7-2018-q2-update.win32_1.5.0.202011040924/tools/bin/../lib/gcc/arm-none-eabi/7.3.1/thumb/v7e-m/fpv5/hard\libgcc.a(_aeabi_uldivmod.o)
                              Drivers/STM32H7xx_HAL_Driver/Src/stm32h7xx_hal_uart.o (__aeabi_uldivmod)
c:/st/stm32cubeide_1.5.1/stm32cubeide/plugins/com.st.stm32cube.ide.mcu.externaltools.gnu-tools-for-stm32.7-2018-q2-update.win32_1.5.0.202011040924/tools/bin/../lib/gcc/arm-none-eabi/7.3.1/thumb/v7e-m/fpv5/hard\libgcc.a(_udivmoddi4.o)
                              c:/st/stm32cubeide_1.5.1/stm32cubeide/plugins/com.st.stm32cube.ide.mcu.externaltools.gnu-tools-for-stm32.7-2018-q2-update.win32_1.5.0.202011040924/tools/bin/../lib/gcc/arm-none-eabi/7.3.1/thumb/v7e-m/fpv5/hard\libgcc.a(_aeabi_uldivmod.o) (__udivmoddi4)
c:/st/stm32cubeide_1.5.1/stm32cubeide/plugins/com.st.stm32cube.ide.mcu.externaltools.gnu-tools-for-stm32.7-2018-q2-update.win32_1.5.0.202011040924/tools/bin/../lib/gcc/arm-none-eabi/7.3.1/thumb/v7e-m/fpv5/hard\libgcc.a(_dvmd_tls.o)
                              c:/st/stm32cubeide_1.5.1/stm32cubeide/plugins/com.st.stm32cube.ide.mcu.externaltools.gnu-tools-for-stm32.7-2018-q2-update.win32_1.5.0.202011040924/tools/bin/../lib/gcc/arm-none-eabi/7.3.1/thumb/v7e-m/fpv5/hard\libgcc.a(_aeabi_uldivmod.o) (__aeabi_ldiv0)

Allocating common symbols
Common symbol       size              file

uwTick              0x4               Drivers/STM32H7xx_HAL_Driver/Src/stm32h7xx_hal.o
pFlash              0x1c              Drivers/STM32H7xx_HAL_Driver/Src/stm32h7xx_hal_flash.o
idgeneral           0x4               Core/Src/general_can.o
datageneral         0x8               Core/Src/general_can.o
hfdcan1             0xec              Core/Src/main.o
TxData              0x8               Core/Src/main.o
huart4              0x8c              Core/Src/main.o
RxData              0x8               Core/Src/general_can.o
[...]
Memory Configuration

Name             Origin             Length             Attributes
DTCMRAM          0x0000000020000000 0x0000000000020000 xrw
ITCMRAM          0x0000000000000000 0x0000000000010000 xrw
RAM_D1           0x0000000024000000 0x0000000000080000 xrw
RAM_D2           0x0000000030000000 0x0000000000048000 xrw
RAM_D3           0x0000000038000000 0x0000000000010000 xrw
FLASH            0x0000000008000000 0x0000000000200000 xr
*default*        0x0000000000000000 0xffffffffffffffff

Linker script and memory map

LOAD c:/st/stm32cubeide_1.5.1/stm32cubeide/plugins/com.st.stm32cube.ide.mcu.externaltools.gnu-tools-for-stm32.7-2018-q2-update.win32_1.5.0.202011040924/tools/bin/../lib/gcc/arm-none-eabi/7.3.1/thumb/v7e-m/fpv5/hard/crti.o
LOAD c:/st/stm32cubeide_1.5.1/stm32cubeide/plugins/com.st.stm32cube.ide.mcu.externaltools.gnu-tools-for-stm32.7-2018-q2-update.win32_1.5.0.202011040924/tools/bin/../lib/gcc/arm-none-eabi/7.3.1/thumb/v7e-m/fpv5/hard/crtbegin.o
LOAD c:/st/stm32cubeide_1.5.1/stm32cubeide/plugins/com.st.stm32cube.ide.mcu.externaltools.gnu-tools-for-stm32.7-2018-q2-update.win32_1.5.0.202011040924/tools/bin/../lib/gcc/arm-none-eabi/7.3.1/../../../../arm-none-eabi/lib/thumb/v7e-m/fpv5/hard/crt0.o
LOAD Core/Src/CAN_handler.o
LOAD Core/Src/Initializers.o
LOAD Core/Src/general_can.o
LOAD Core/Src/main.o
LOAD Core/Src/stm32h7xx_hal_msp.o
LOAD Core/Src/stm32h7xx_it.o
LOAD Core/Src/syscalls.o
LOAD Core/Src/sysmem.o
LOAD Core/Src/system_stm32h7xx.o
LOAD Core/Startup/startup_stm32h743vitx.o
LOAD Drivers/STM32H7xx_HAL_Driver/Src/stm32h7xx_hal.o
LOAD Drivers/STM32H7xx_HAL_Driver/Src/stm32h7xx_hal_cortex.o
LOAD Drivers/STM32H7xx_HAL_Driver/Src/stm32h7xx_hal_dma.o
LOAD Drivers/STM32H7xx_HAL_Driver/Src/stm32h7xx_hal_dma_ex.o
LOAD Drivers/STM32H7xx_HAL_Driver/Src/stm32h7xx_hal_exti.o
LOAD Drivers/STM32H7xx_HAL_Driver/Src/stm32h7xx_hal_fdcan.o
LOAD Drivers/STM32H7xx_HAL_Driver/Src/stm32h7xx_hal_flash.o
LOAD Drivers/STM32H7xx_HAL_Driver/Src/stm32h7xx_hal_flash_ex.o
LOAD Drivers/STM32H7xx_HAL_Driver/Src/stm32h7xx_hal_gpio.o
LOAD Drivers/STM32H7xx_HAL_Driver/Src/stm32h7xx_hal_hsem.o
LOAD Drivers/STM32H7xx_HAL_Driver/Src/stm32h7xx_hal_i2c.o
LOAD Drivers/STM32H7xx_HAL_Driver/Src/stm32h7xx_hal_i2c_ex.o
LOAD Drivers/STM32H7xx_HAL_Driver/Src/stm32h7xx_hal_mdma.o
LOAD Drivers/STM32H7xx_HAL_Driver/Src/stm32h7xx_hal_pwr.o
LOAD Drivers/STM32H7xx_HAL_Driver/Src/stm32h7xx_hal_pwr_ex.o
LOAD Drivers/STM32H7xx_HAL_Driver/Src/stm32h7xx_hal_rcc.o
LOAD Drivers/STM32H7xx_HAL_Driver/Src/stm32h7xx_hal_rcc_ex.o
LOAD Drivers/STM32H7xx_HAL_Driver/Src/stm32h7xx_hal_tim.o
LOAD Drivers/STM32H7xx_HAL_Driver/Src/stm32h7xx_hal_tim_ex.o
LOAD Drivers/STM32H7xx_HAL_Driver/Src/stm32h7xx_hal_uart.o
LOAD Drivers/STM32H7xx_HAL_Driver/Src/stm32h7xx_hal_uart_ex.o
START GROUP
LOAD c:/st/stm32cubeide_1.5.1/stm32cubeide/plugins/com.st.stm32cube.ide.mcu.externaltools.gnu-tools-for-stm32.7-2018-q2-update.win32_1.5.0.202011040924/tools/bin/../lib/gcc/arm-none-eabi/7.3.1/../../../../arm-none-eabi/lib/thumb/v7e-m/fpv5/hard\libc_nano.a
LOAD c:/st/stm32cubeide_1.5.1/stm32cubeide/plugins/com.st.stm32cube.ide.mcu.externaltools.gnu-tools-for-stm32.7-2018-q2-update.win32_1.5.0.202011040924/tools/bin/../lib/gcc/arm-none-eabi/7.3.1/../../../../arm-none-eabi/lib/thumb/v7e-m/fpv5/hard\libm.a
END GROUP
START GROUP
LOAD c:/st/stm32cubeide_1.5.1/stm32cubeide/plugins/com.st.stm32cube.ide.mcu.externaltools.gnu-tools-for-stm32.7-2018-q2-update.win32_1.5.0.202011040924/tools/bin/../lib/gcc/arm-none-eabi/7.3.1/thumb/v7e-m/fpv5/hard\libgcc.a
LOAD c:/st/stm32cubeide_1.5.1/stm32cubeide/plugins/com.st.stm32cube.ide.mcu.externaltools.gnu-tools-for-stm32.7-2018-q2-update.win32_1.5.0.202011040924/tools/bin/../lib/gcc/arm-none-eabi/7.3.1/../../../../arm-none-eabi/lib/thumb/v7e-m/fpv5/hard\libc_nano.a
END GROUP
START GROUP
LOAD c:/st/stm32cubeide_1.5.1/stm32cubeide/plugins/com.st.stm32cube.ide.mcu.externaltools.gnu-tools-for-stm32.7-2018-q2-update.win32_1.5.0.202011040924/tools/bin/../lib/gcc/arm-none-eabi/7.3.1/thumb/v7e-m/fpv5/hard\libgcc.a
LOAD c:/st/stm32cubeide_1.5.1/stm32cubeide/plugins/com.st.stm32cube.ide.mcu.externaltools.gnu-tools-for-stm32.7-2018-q2-update.win32_1.5.0.202011040924/tools/bin/../lib/gcc/arm-none-eabi/7.3.1/../../../../arm-none-eabi/lib/thumb/v7e-m/fpv5/hard\libc_nano.a
LOAD c:/st/stm32cubeide_1.5.1/stm32cubeide/plugins/com.st.stm32cube.ide.mcu.externaltools.gnu-tools-for-stm32.7-2018-q2-update.win32_1.5.0.202011040924/tools/bin/../lib/gcc/arm-none-eabi/7.3.1/../../../../arm-none-eabi/lib/thumb/v7e-m/fpv5/hard\libnosys.a
END GROUP
START GROUP
LOAD c:/st/stm32cubeide_1.5.1/stm32cubeide/plugins/com.st.stm32cube.ide.mcu.externaltools.gnu-tools-for-stm32.7-2018-q2-update.win32_1.5.0.202011040924/tools/bin/../lib/gcc/arm-none-eabi/7.3.1/thumb/v7e-m/fpv5/hard\libgcc.a
LOAD c:/st/stm32cubeide_1.5.1/stm32cubeide/plugins/com.st.stm32cube.ide.mcu.externaltools.gnu-tools-for-stm32.7-2018-q2-update.win32_1.5.0.202011040924/tools/bin/../lib/gcc/arm-none-eabi/7.3.1/../../../../arm-none-eabi/lib/thumb/v7e-m/fpv5/hard\libc_nano.a
LOAD c:/st/stm32cubeide_1.5.1/stm32cubeide/plugins/com.st.stm32cube.ide.mcu.externaltools.gnu-tools-for-stm32.7-2018-q2-update.win32_1.5.0.202011040924/tools/bin/../lib/gcc/arm-none-eabi/7.3.1/../../../../arm-none-eabi/lib/thumb/v7e-m/fpv5/hard\libnosys.a
END GROUP
LOAD c:/st/stm32cubeide_1.5.1/stm32cubeide/plugins/com.st.stm32cube.ide.mcu.externaltools.gnu-tools-for-stm32.7-2018-q2-update.win32_1.5.0.202011040924/tools/bin/../lib/gcc/arm-none-eabi/7.3.1/thumb/v7e-m/fpv5/hard/crtend.o
LOAD c:/st/stm32cubeide_1.5.1/stm32cubeide/plugins/com.st.stm32cube.ide.mcu.externaltools.gnu-tools-for-stm32.7-2018-q2-update.win32_1.5.0.202011040924/tools/bin/../lib/gcc/arm-none-eabi/7.3.1/thumb/v7e-m/fpv5/hard/crtn.o
                0x0000000024080000                _estack = (ORIGIN (RAM_D1) + LENGTH (RAM_D1))
                0x0000000000000200                _Min_Heap_Size = 0x200
                0x0000000000000400                _Min_Stack_Size = 0x400

.isr_vector     0x0000000008000000      0x298
                0x0000000008000000                . = ALIGN (0x4)
 *(.isr_vector)
 .isr_vector    0x0000000008000000      0x298 Core/Startup/startup_stm32h743vitx.o
                0x0000000008000000                g_pfnVectors
                0x0000000008000298                . = ALIGN (0x4)

.text           0x0000000008000298     0x5c80
                0x0000000008000298                . = ALIGN (0x4)
 *(.text)
 .text          0x0000000008000298       0x40 c:/st/stm32cubeide_1.5.1/stm32cubeide/plugins/com.st.stm32cube.ide.mcu.externaltools.gnu-tools-for-stm32.7-2018-q2-update.win32_1.5.0.202011040924/tools/bin/../lib/gcc/arm-none-eabi/7.3.1/thumb/v7e-m/fpv5/hard/crtbegin.o
 .text          0x00000000080002d8       0x30 c:/st/stm32cubeide_1.5.1/stm32cubeide/plugins/com.st.stm32cube.ide.mcu.externaltools.gnu-tools-for-stm32.7-2018-q2-update.win32_1.5.0.202011040924/tools/bin/../lib/gcc/arm-none-eabi/7.3.1/thumb/v7e-m/fpv5/hard\libgcc.a(_aeabi_uldivmod.o)
                0x00000000080002d8                __aeabi_uldivmod
 .text          0x0000000008000308      0x2cc c:/st/stm32cubeide_1.5.1/stm32cubeide/plugins/com.st.stm32cube.ide.mcu.externaltools.gnu-tools-for-stm32.7-2018-q2-update.win32_1.5.0.202011040924/tools/bin/../lib/gcc/arm-none-eabi/7.3.1/thumb/v7e-m/fpv5/hard\libgcc.a(_udivmoddi4.o)
                0x0000000008000308                __udivmoddi4
 .text          0x00000000080005d4        0x4 c:/st/stm32cubeide_1.5.1/stm32cubeide/plugins/com.st.stm32cube.ide.mcu.externaltools.gnu-tools-for-stm32.7-2018-q2-update.win32_1.5.0.202011040924/tools/bin/../lib/gcc/arm-none-eabi/7.3.1/thumb/v7e-m/fpv5/hard\libgcc.a(_dvmd_tls.o)
                0x00000000080005d4                __aeabi_idiv0
                0x00000000080005d4                __aeabi_ldiv0
 *(.text*)
 .text.initialize_CAN
                0x00000000080005d8       0x7c Core/Src/CAN_handler.o
                0x00000000080005d8                initialize_CAN
 .text.init_CAN
                0x0000000008000654       0x14 Core/Src/Initializers.o
                0x0000000008000654                init_CAN
 .text.initialize_general_CAN
                0x0000000008000668       0x30 Core/Src/general_can.o
                0x0000000008000668                initialize_general_CAN
 .text.CAN_general_receive_callback
                0x0000000008000698       0xb0 Core/Src/general_can.o
                0x0000000008000698                CAN_general_receive_callback
 .text.LED      0x0000000008000748       0x3c Core/Src/main.o
                0x0000000008000748                LED
 .text.main     0x0000000008000784       0x74 Core/Src/main.o
                0x0000000008000784                main
 .text.SystemClock_Config
                0x00000000080007f8      0x168 Core/Src/main.o
                0x00000000080007f8                SystemClock_Config
 .text.MX_FDCAN1_Init
                0x0000000008000960       0xc8 Core/Src/main.o
 .text.MX_UART4_Init
                0x0000000008000a28       0x98 Core/Src/main.o
 .text.MX_GPIO_Init
                0x0000000008000ac0       0x70 Core/Src/main.o
 .text.Error_Handler
                0x0000000008000b30        0x8 Core/Src/main.o
                0x0000000008000b30                Error_Handler
 .text.HAL_MspInit
                0x0000000008000b38       0x34 Core/Src/stm32h7xx_hal_msp.o
                0x0000000008000b38                HAL_MspInit
 .text.HAL_FDCAN_MspInit
                0x0000000008000b6c       0xb4 Core/Src/stm32h7xx_hal_msp.o
                0x0000000008000b6c                HAL_FDCAN_MspInit
 .text.HAL_UART_MspInit
                0x0000000008000c20       0x94 Core/Src/stm32h7xx_hal_msp.o
                0x0000000008000c20                HAL_UART_MspInit
 .text.NMI_Handler
                0x0000000008000cb4        0x6 Core/Src/stm32h7xx_it.o
                0x0000000008000cb4                NMI_Handler
 .text.HardFault_Handler
                0x0000000008000cba        0x6 Core/Src/stm32h7xx_it.o
                0x0000000008000cba                HardFault_Handler
 .text.MemManage_Handler
                0x0000000008000cc0        0x6 Core/Src/stm32h7xx_it.o
                0x0000000008000cc0                MemManage_Handler
 .text.BusFault_Handler
                0x0000000008000cc6        0x6 Core/Src/stm32h7xx_it.o
                0x0000000008000cc6                BusFault_Handler
 .text.UsageFault_Handler
                0x0000000008000ccc        0x6 Core/Src/stm32h7xx_it.o
                0x0000000008000ccc                UsageFault_Handler
 .text.SVC_Handler
                0x0000000008000cd2        0xe Core/Src/stm32h7xx_it.o
                0x0000000008000cd2                SVC_Handler
 .text.DebugMon_Handler
                0x0000000008000ce0        0xe Core/Src/stm32h7xx_it.o
                0x0000000008000ce0                DebugMon_Handler
 .text.PendSV_Handler
                0x0000000008000cee        0xe Core/Src/stm32h7xx_it.o
                0x0000000008000cee                PendSV_Handler
 .text.SysTick_Handler
                0x0000000008000cfc        0xc Core/Src/stm32h7xx_it.o
                0x0000000008000cfc                SysTick_Handler
 .text.FDCAN1_IT0_IRQHandler
                0x0000000008000d08       0x14 Core/Src/stm32h7xx_it.o
                0x0000000008000d08                FDCAN1_IT0_IRQHandler
 .text.FDCAN1_IT1_IRQHandler
                0x0000000008000d1c       0x14 Core/Src/stm32h7xx_it.o
                0x0000000008000d1c                FDCAN1_IT1_IRQHandler
 .text.SystemInit
                0x0000000008000d30      0x118 Core/Src/system_stm32h7xx.o
                0x0000000008000d30                SystemInit
 .text.Reset_Handler
                0x0000000008000e48       0x50 Core/Startup/startup_stm32h743vitx.o
                0x0000000008000e48                Reset_Handler
 .text.Default_Handler
                0x0000000008000e98        0x2 Core/Startup/startup_stm32h743vitx.o
                0x0000000008000e98                RTC_Alarm_IRQHandler
                0x0000000008000e98                EXTI2_IRQHandler
                0x0000000008000e98                TIM8_CC_IRQHandler
                0x0000000008000e98                HRTIM1_Master_IRQHandler
                0x0000000008000e98                UART8_IRQHandler
                0x0000000008000e98                SPI4_IRQHandler
                0x0000000008000e98                TIM1_CC_IRQHandler
                0x0000000008000e98                BDMA_Channel6_IRQHandler
                0x0000000008000e98                DMA2_Stream5_IRQHandler
                0x0000000008000e98                HRTIM1_FLT_IRQHandler
                0x0000000008000e98                JPEG_IRQHandler
                0x0000000008000e98                DMA1_Stream5_IRQHandler
                0x0000000008000e98                BDMA_Channel1_IRQHandler
                0x0000000008000e98                HRTIM1_TIMD_IRQHandler
                0x0000000008000e98                TAMP_STAMP_IRQHandler
                0x0000000008000e98                EXTI3_IRQHandler
                0x0000000008000e98                LPTIM4_IRQHandler
                0x0000000008000e98                TIM8_TRG_COM_TIM14_IRQHandler
                0x0000000008000e98                LPTIM2_IRQHandler
                0x0000000008000e98                DFSDM1_FLT1_IRQHandler
                0x0000000008000e98                DMAMUX2_OVR_IRQHandler
                0x0000000008000e98                TIM8_UP_TIM13_IRQHandler
                0x0000000008000e98                I2C3_ER_IRQHandler
                0x0000000008000e98                DFSDM1_FLT2_IRQHandler
                0x0000000008000e98                MDMA_IRQHandler
                0x0000000008000e98                LPTIM3_IRQHandler
                0x0000000008000e98                HSEM1_IRQHandler
                0x0000000008000e98                EXTI0_IRQHandler
                0x0000000008000e98                I2C2_EV_IRQHandler
                0x0000000008000e98                DMA1_Stream2_IRQHandler
                0x0000000008000e98                FPU_IRQHandler
                0x0000000008000e98                OTG_HS_WKUP_IRQHandler
                0x0000000008000e98                LTDC_ER_IRQHandler
                0x0000000008000e98                DMA2_Stream2_IRQHandler
                0x0000000008000e98                HRTIM1_TIME_IRQHandler
                0x0000000008000e98                SPI1_IRQHandler
                0x0000000008000e98                TIM6_DAC_IRQHandler
                0x0000000008000e98                DCMI_IRQHandler
                0x0000000008000e98                HRTIM1_TIMC_IRQHandler
                0x0000000008000e98                DMA2_Stream3_IRQHandler
                0x0000000008000e98                SAI2_IRQHandler
                0x0000000008000e98                DFSDM1_FLT3_IRQHandler
                0x0000000008000e98                USART6_IRQHandler
                0x0000000008000e98                TIM17_IRQHandler
                0x0000000008000e98                USART3_IRQHandler
                0x0000000008000e98                BDMA_Channel7_IRQHandler
                0x0000000008000e98                LPTIM5_IRQHandler
                0x0000000008000e98                UART5_IRQHandler
                0x0000000008000e98                ADC3_IRQHandler
                0x0000000008000e98                DMA2_Stream0_IRQHandler
                0x0000000008000e98                TIM4_IRQHandler
                0x0000000008000e98                BDMA_Channel2_IRQHandler
                0x0000000008000e98                QUADSPI_IRQHandler
                0x0000000008000e98                I2C1_EV_IRQHandler
                0x0000000008000e98                DMA1_Stream6_IRQHandler
                0x0000000008000e98                DMAMUX1_OVR_IRQHandler
                0x0000000008000e98                DMA1_Stream1_IRQHandler
                0x0000000008000e98                TIM16_IRQHandler
                0x0000000008000e98                UART4_IRQHandler
                0x0000000008000e98                BDMA_Channel5_IRQHandler
                0x0000000008000e98                TIM3_IRQHandler
                0x0000000008000e98                RCC_IRQHandler
                0x0000000008000e98                TIM8_BRK_TIM12_IRQHandler
                0x0000000008000e98                TIM1_TRG_COM_IRQHandler
                0x0000000008000e98                Default_Handler
                0x0000000008000e98                ECC_IRQHandler
                0x0000000008000e98                CEC_IRQHandler
                0x0000000008000e98                EXTI15_10_IRQHandler
                0x0000000008000e98                BDMA_Channel0_IRQHandler
                0x0000000008000e98                ADC_IRQHandler
                0x0000000008000e98                DMA1_Stream7_IRQHandler
                0x0000000008000e98                HRTIM1_TIMA_IRQHandler
                0x0000000008000e98                SPI5_IRQHandler
                0x0000000008000e98                TIM7_IRQHandler
                0x0000000008000e98                SDMMC1_IRQHandler
                0x0000000008000e98                TIM5_IRQHandler
                0x0000000008000e98                DMA2_Stream7_IRQHandler
                0x0000000008000e98                TIM15_IRQHandler
                0x0000000008000e98                PVD_AVD_IRQHandler
                0x0000000008000e98                I2C3_EV_IRQHandler
                0x0000000008000e98                EXTI9_5_IRQHandler
                0x0000000008000e98                RTC_WKUP_IRQHandler
                0x0000000008000e98                LTDC_IRQHandler
                0x0000000008000e98                SAI3_IRQHandler
                0x0000000008000e98                ETH_WKUP_IRQHandler
                0x0000000008000e98                SPDIF_RX_IRQHandler
                0x0000000008000e98                SPI2_IRQHandler
                0x0000000008000e98                OTG_HS_EP1_IN_IRQHandler
                0x0000000008000e98                DMA1_Stream0_IRQHandler
                0x0000000008000e98                CRS_IRQHandler
                0x0000000008000e98                EXTI4_IRQHandler
                0x0000000008000e98                RNG_IRQHandler
                0x0000000008000e98                HRTIM1_TIMB_IRQHandler
                0x0000000008000e98                FDCAN2_IT1_IRQHandler
                0x0000000008000e98                ETH_IRQHandler
                0x0000000008000e98                TIM1_UP_IRQHandler
                0x0000000008000e98                BDMA_Channel4_IRQHandler
                0x0000000008000e98                OTG_HS_EP1_OUT_IRQHandler
                0x0000000008000e98                WWDG_IRQHandler
                0x0000000008000e98                SPI6_IRQHandler
                0x0000000008000e98                MDIOS_IRQHandler
                0x0000000008000e98                I2C4_EV_IRQHandler
                0x0000000008000e98                FDCAN2_IT0_IRQHandler
                0x0000000008000e98                LPUART1_IRQHandler
                0x0000000008000e98                TIM2_IRQHandler
                0x0000000008000e98                OTG_FS_WKUP_IRQHandler
                0x0000000008000e98                OTG_HS_IRQHandler
                0x0000000008000e98                DMA2D_IRQHandler
                0x0000000008000e98                TIM1_BRK_IRQHandler
                0x0000000008000e98                EXTI1_IRQHandler
                0x0000000008000e98                SDMMC2_IRQHandler
                0x0000000008000e98                OTG_FS_EP1_OUT_IRQHandler
                0x0000000008000e98                BDMA_Channel3_IRQHandler
                0x0000000008000e98                UART7_IRQHandler
                0x0000000008000e98                MDIOS_WKUP_IRQHandler
                0x0000000008000e98                USART2_IRQHandler
                0x0000000008000e98                DFSDM1_FLT0_IRQHandler
                0x0000000008000e98                SAI4_IRQHandler
                0x0000000008000e98                I2C2_ER_IRQHandler
                0x0000000008000e98                DMA2_Stream1_IRQHandler
                0x0000000008000e98                FLASH_IRQHandler
                0x0000000008000e98                DMA2_Stream4_IRQHandler
                0x0000000008000e98                USART1_IRQHandler
                0x0000000008000e98                OTG_FS_IRQHandler
                0x0000000008000e98                SPI3_IRQHandler
                0x0000000008000e98                WAKEUP_PIN_IRQHandler
                0x0000000008000e98                DMA1_Stream4_IRQHandler
                0x0000000008000e98                OTG_FS_EP1_IN_IRQHandler
                0x0000000008000e98                I2C1_ER_IRQHandler
                0x0000000008000e98                FMC_IRQHandler
                0x0000000008000e98                FDCAN_CAL_IRQHandler
                0x0000000008000e98                SWPMI1_IRQHandler
                0x0000000008000e98                COMP1_IRQHandler
                0x0000000008000e98                LPTIM1_IRQHandler
                0x0000000008000e98                I2C4_ER_IRQHandler
                0x0000000008000e98                DMA2_Stream6_IRQHandler
                0x0000000008000e98                SAI1_IRQHandler
                0x0000000008000e98                DMA1_Stream3_IRQHandler
 *fill*         0x0000000008000e9a        0x2 
 .text.HAL_Init
                0x0000000008000e9c       0x78 Drivers/STM32H7xx_HAL_Driver/Src/stm32h7xx_hal.o
                0x0000000008000e9c                HAL_Init
 .text.HAL_InitTick
                0x0000000008000f14       0x6c Drivers/STM32H7xx_HAL_Driver/Src/stm32h7xx_hal.o
                0x0000000008000f14                HAL_InitTick
 .text.HAL_IncTick
                0x0000000008000f80       0x28 Drivers/STM32H7xx_HAL_Driver/Src/stm32h7xx_hal.o
                0x0000000008000f80                HAL_IncTick
 .text.HAL_GetTick
                0x0000000008000fa8       0x18 Drivers/STM32H7xx_HAL_Driver/Src/stm32h7xx_hal.o
                0x0000000008000fa8                HAL_GetTick
 .text.HAL_GetREVID
                0x0000000008000fc0       0x18 Drivers/STM32H7xx_HAL_Driver/Src/stm32h7xx_hal.o
                0x0000000008000fc0                HAL_GetREVID
 .text.__NVIC_SetPriorityGrouping
                0x0000000008000fd8       0x48 Drivers/STM32H7xx_HAL_Driver/Src/stm32h7xx_hal_cortex.o
 .text.__NVIC_GetPriorityGrouping
                0x0000000008001020       0x1c Drivers/STM32H7xx_HAL_Driver/Src/stm32h7xx_hal_cortex.o
 .text.__NVIC_EnableIRQ
                0x000000000800103c       0x3c Drivers/STM32H7xx_HAL_Driver/Src/stm32h7xx_hal_cortex.o
 .text.__NVIC_SetPriority
                0x0000000008001078       0x54 Drivers/STM32H7xx_HAL_Driver/Src/stm32h7xx_hal_cortex.o
 .text.NVIC_EncodePriority
                0x00000000080010cc       0x66 Drivers/STM32H7xx_HAL_Driver/Src/stm32h7xx_hal_cortex.o
 *fill*         0x0000000008001132        0x2 
 .text.SysTick_Config
                0x0000000008001134       0x44 Drivers/STM32H7xx_HAL_Driver/Src/stm32h7xx_hal_cortex.o
 .text.HAL_NVIC_SetPriorityGrouping
                0x0000000008001178       0x16 Drivers/STM32H7xx_HAL_Driver/Src/stm32h7xx_hal_cortex.o
                0x0000000008001178                HAL_NVIC_SetPriorityGrouping
 .text.HAL_NVIC_SetPriority
                0x000000000800118e       0x34 Drivers/STM32H7xx_HAL_Driver/Src/stm32h7xx_hal_cortex.o
                0x000000000800118e                HAL_NVIC_SetPriority
 .text.HAL_NVIC_EnableIRQ
                0x00000000080011c2       0x1c Drivers/STM32H7xx_HAL_Driver/Src/stm32h7xx_hal_cortex.o
                0x00000000080011c2                HAL_NVIC_EnableIRQ
 .text.HAL_SYSTICK_Config
                0x00000000080011de       0x18 Drivers/STM32H7xx_HAL_Driver/Src/stm32h7xx_hal_cortex.o
                0x00000000080011de                HAL_SYSTICK_Config
 *fill*         0x00000000080011f6        0x2 
 .text.HAL_FDCAN_Init
                0x00000000080011f8      0x4ac Drivers/STM32H7xx_HAL_Driver/Src/stm32h7xx_hal_fdcan.o
                0x00000000080011f8                HAL_FDCAN_Init
 .text.HAL_FDCAN_RegisterRxFifo0Callback
                0x00000000080016a4       0x60 Drivers/STM32H7xx_HAL_Driver/Src/stm32h7xx_hal_fdcan.o
                0x00000000080016a4                HAL_FDCAN_RegisterRxFifo0Callback
 .text.HAL_FDCAN_Start
                0x0000000008001704       0x56 Drivers/STM32H7xx_HAL_Driver/Src/stm32h7xx_hal_fdcan.o
                0x0000000008001704                HAL_FDCAN_Start
 *fill*         0x000000000800175a        0x2 
 .text.HAL_FDCAN_GetRxMessage
                0x000000000800175c      0x2bc Drivers/STM32H7xx_HAL_Driver/Src/stm32h7xx_hal_fdcan.o
                0x000000000800175c                HAL_FDCAN_GetRxMessage
 .text.HAL_FDCAN_ActivateNotification
                0x0000000008001a18       0xf4 Drivers/STM32H7xx_HAL_Driver/Src/stm32h7xx_hal_fdcan.o
                0x0000000008001a18                HAL_FDCAN_ActivateNotification
 .text.HAL_FDCAN_IRQHandler
                0x0000000008001b0c      0x500 Drivers/STM32H7xx_HAL_Driver/Src/stm32h7xx_hal_fdcan.o
                0x0000000008001b0c                HAL_FDCAN_IRQHandler
 .text.HAL_FDCAN_ClockCalibrationCallback
                0x000000000800200c       0x16 Drivers/STM32H7xx_HAL_Driver/Src/stm32h7xx_hal_fdcan.o
                0x000000000800200c                HAL_FDCAN_ClockCalibrationCallback
 .text.HAL_FDCAN_TxEventFifoCallback
                0x0000000008002022       0x16 Drivers/STM32H7xx_HAL_Driver/Src/stm32h7xx_hal_fdcan.o
                0x0000000008002022                HAL_FDCAN_TxEventFifoCallback
 .text.HAL_FDCAN_RxFifo0Callback
                0x0000000008002038       0x16 Drivers/STM32H7xx_HAL_Driver/Src/stm32h7xx_hal_fdcan.o
                0x0000000008002038                HAL_FDCAN_RxFifo0Callback
 .text.HAL_FDCAN_RxFifo1Callback
                0x000000000800204e       0x16 Drivers/STM32H7xx_HAL_Driver/Src/stm32h7xx_hal_fdcan.o
                0x000000000800204e                HAL_FDCAN_RxFifo1Callback
 .text.HAL_FDCAN_TxFifoEmptyCallback
                0x0000000008002064       0x14 Drivers/STM32H7xx_HAL_Driver/Src/stm32h7xx_hal_fdcan.o
                0x0000000008002064                HAL_FDCAN_TxFifoEmptyCallback
 .text.HAL_FDCAN_TxBufferCompleteCallback
                0x0000000008002078       0x16 Drivers/STM32H7xx_HAL_Driver/Src/stm32h7xx_hal_fdcan.o
                0x0000000008002078                HAL_FDCAN_TxBufferCompleteCallback
 .text.HAL_FDCAN_TxBufferAbortCallback
                0x000000000800208e       0x16 Drivers/STM32H7xx_HAL_Driver/Src/stm32h7xx_hal_fdcan.o
                0x000000000800208e                HAL_FDCAN_TxBufferAbortCallback
 .text.HAL_FDCAN_RxBufferNewMessageCallback
                0x00000000080020a4       0x14 Drivers/STM32H7xx_HAL_Driver/Src/stm32h7xx_hal_fdcan.o
                0x00000000080020a4                HAL_FDCAN_RxBufferNewMessageCallback
 .text.HAL_FDCAN_TimestampWraparoundCallback
                0x00000000080020b8       0x14 Drivers/STM32H7xx_HAL_Driver/Src/stm32h7xx_hal_fdcan.o
                0x00000000080020b8                HAL_FDCAN_TimestampWraparoundCallback
 .text.HAL_FDCAN_TimeoutOccurredCallback
                0x00000000080020cc       0x14 Drivers/STM32H7xx_HAL_Driver/Src/stm32h7xx_hal_fdcan.o
                0x00000000080020cc                HAL_FDCAN_TimeoutOccurredCallback
 .text.HAL_FDCAN_HighPriorityMessageCallback
                0x00000000080020e0       0x14 Drivers/STM32H7xx_HAL_Driver/Src/stm32h7xx_hal_fdcan.o
                0x00000000080020e0                HAL_FDCAN_HighPriorityMessageCallback
 .text.HAL_FDCAN_ErrorCallback
                0x00000000080020f4       0x14 Drivers/STM32H7xx_HAL_Driver/Src/stm32h7xx_hal_fdcan.o
                0x00000000080020f4                HAL_FDCAN_ErrorCallback
 .text.HAL_FDCAN_ErrorStatusCallback
                0x0000000008002108       0x16 Drivers/STM32H7xx_HAL_Driver/Src/stm32h7xx_hal_fdcan.o
                0x0000000008002108                HAL_FDCAN_ErrorStatusCallback
 .text.HAL_FDCAN_TT_ScheduleSyncCallback
                0x000000000800211e       0x16 Drivers/STM32H7xx_HAL_Driver/Src/stm32h7xx_hal_fdcan.o
                0x000000000800211e                HAL_FDCAN_TT_ScheduleSyncCallback
 .text.HAL_FDCAN_TT_TimeMarkCallback
                0x0000000008002134       0x16 Drivers/STM32H7xx_HAL_Driver/Src/stm32h7xx_hal_fdcan.o
                0x0000000008002134                HAL_FDCAN_TT_TimeMarkCallback
 .text.HAL_FDCAN_TT_StopWatchCallback
                0x000000000800214a       0x18 Drivers/STM32H7xx_HAL_Driver/Src/stm32h7xx_hal_fdcan.o
                0x000000000800214a                HAL_FDCAN_TT_StopWatchCallback
 .text.HAL_FDCAN_TT_GlobalTimeCallback
                0x0000000008002162       0x16 Drivers/STM32H7xx_HAL_Driver/Src/stm32h7xx_hal_fdcan.o
                0x0000000008002162                HAL_FDCAN_TT_GlobalTimeCallback
 .text.FDCAN_CalcultateRamBlockAddresses
                0x0000000008002178      0x30c Drivers/STM32H7xx_HAL_Driver/Src/stm32h7xx_hal_fdcan.o
 .text.HAL_GPIO_Init
                0x0000000008002484      0x360 Drivers/STM32H7xx_HAL_Driver/Src/stm32h7xx_hal_gpio.o
                0x0000000008002484                HAL_GPIO_Init
 .text.HAL_PWREx_ConfigSupply
                0x00000000080027e4       0x74 Drivers/STM32H7xx_HAL_Driver/Src/stm32h7xx_hal_pwr_ex.o
                0x00000000080027e4                HAL_PWREx_ConfigSupply
 .text.HAL_RCC_OscConfig
                0x0000000008002858      0x820 Drivers/STM32H7xx_HAL_Driver/Src/stm32h7xx_hal_rcc.o
                0x0000000008002858                HAL_RCC_OscConfig
 .text.HAL_RCC_ClockConfig
                0x0000000008003078      0x36c Drivers/STM32H7xx_HAL_Driver/Src/stm32h7xx_hal_rcc.o
                0x0000000008003078                HAL_RCC_ClockConfig
 .text.HAL_RCC_GetSysClockFreq
                0x00000000080033e4      0x2e4 Drivers/STM32H7xx_HAL_Driver/Src/stm32h7xx_hal_rcc.o
                0x00000000080033e4                HAL_RCC_GetSysClockFreq
 .text.HAL_RCC_GetHCLKFreq
                0x00000000080036c8       0x60 Drivers/STM32H7xx_HAL_Driver/Src/stm32h7xx_hal_rcc.o
                0x00000000080036c8                HAL_RCC_GetHCLKFreq
 .text.HAL_RCC_GetPCLK1Freq
                0x0000000008003728       0x2c Drivers/STM32H7xx_HAL_Driver/Src/stm32h7xx_hal_rcc.o
                0x0000000008003728                HAL_RCC_GetPCLK1Freq
 .text.HAL_RCC_GetPCLK2Freq
                0x0000000008003754       0x2c Drivers/STM32H7xx_HAL_Driver/Src/stm32h7xx_hal_rcc.o
                0x0000000008003754                HAL_RCC_GetPCLK2Freq
 .text.HAL_RCCEx_PeriphCLKConfig
                0x0000000008003780      0xddc Drivers/STM32H7xx_HAL_Driver/Src/stm32h7xx_hal_rcc_ex.o
                0x0000000008003780                HAL_RCCEx_PeriphCLKConfig
 .text.HAL_RCCEx_GetD3PCLK1Freq
                0x000000000800455c       0x2c Drivers/STM32H7xx_HAL_Driver/Src/stm32h7xx_hal_rcc_ex.o
                0x000000000800455c                HAL_RCCEx_GetD3PCLK1Freq
 .text.HAL_RCCEx_GetPLL2ClockFreq
                0x0000000008004588      0x298 Drivers/STM32H7xx_HAL_Driver/Src/stm32h7xx_hal_rcc_ex.o
                0x0000000008004588                HAL_RCCEx_GetPLL2ClockFreq
 .text.HAL_RCCEx_GetPLL3ClockFreq
                0x0000000008004820      0x298 Drivers/STM32H7xx_HAL_Driver/Src/stm32h7xx_hal_rcc_ex.o
                0x0000000008004820                HAL_RCCEx_GetPLL3ClockFreq
 .text.RCCEx_PLL2_Config
                0x0000000008004ab8      0x164 Drivers/STM32H7xx_HAL_Driver/Src/stm32h7xx_hal_rcc_ex.o
 .text.RCCEx_PLL3_Config
                0x0000000008004c1c      0x164 Drivers/STM32H7xx_HAL_Driver/Src/stm32h7xx_hal_rcc_ex.o
 .text.HAL_UART_Init
                0x0000000008004d80       0xa0 Drivers/STM32H7xx_HAL_Driver/Src/stm32h7xx_hal_uart.o
                0x0000000008004d80                HAL_UART_Init
 .text.UART_SetConfig
                0x0000000008004e20      0xb60 Drivers/STM32H7xx_HAL_Driver/Src/stm32h7xx_hal_uart.o
                0x0000000008004e20                UART_SetConfig
 .text.UART_AdvFeatureConfig
                0x0000000008005980      0x144 Drivers/STM32H7xx_HAL_Driver/Src/stm32h7xx_hal_uart.o
                0x0000000008005980                UART_AdvFeatureConfig
 .text.UART_CheckIdleState
                0x0000000008005ac4       0x90 Drivers/STM32H7xx_HAL_Driver/Src/stm32h7xx_hal_uart.o
                0x0000000008005ac4                UART_CheckIdleState
 .text.UART_WaitOnFlagUntilTimeout
                0x0000000008005b54      0x100 Drivers/STM32H7xx_HAL_Driver/Src/stm32h7xx_hal_uart.o
                0x0000000008005b54                UART_WaitOnFlagUntilTimeout
 .text.HAL_UARTEx_DisableFifoMode
                0x0000000008005c54       0x72 Drivers/STM32H7xx_HAL_Driver/Src/stm32h7xx_hal_uart_ex.o
                0x0000000008005c54                HAL_UARTEx_DisableFifoMode
 .text.HAL_UARTEx_SetTxFifoThreshold
                0x0000000008005cc6       0x7c Drivers/STM32H7xx_HAL_Driver/Src/stm32h7xx_hal_uart_ex.o
                0x0000000008005cc6                HAL_UARTEx_SetTxFifoThreshold
 .text.HAL_UARTEx_SetRxFifoThreshold
                0x0000000008005d42       0x7c Drivers/STM32H7xx_HAL_Driver/Src/stm32h7xx_hal_uart_ex.o
                0x0000000008005d42                HAL_UARTEx_SetRxFifoThreshold
 *fill*         0x0000000008005dbe        0x2 
 .text.UARTEx_SetNbDataToProcess
                0x0000000008005dc0       0xd0 Drivers/STM32H7xx_HAL_Driver/Src/stm32h7xx_hal_uart_ex.o
 .text.__libc_init_array
                0x0000000008005e90       0x48 c:/st/stm32cubeide_1.5.1/stm32cubeide/plugins/com.st.stm32cube.ide.mcu.externaltools.gnu-tools-for-stm32.7-2018-q2-update.win32_1.5.0.202011040924/tools/bin/../lib/gcc/arm-none-eabi/7.3.1/../../../../arm-none-eabi/lib/thumb/v7e-m/fpv5/hard\libc_nano.a(lib_a-init.o)
                0x0000000008005e90                __libc_init_array
 .text.memcpy   0x0000000008005ed8       0x16 c:/st/stm32cubeide_1.5.1/stm32cubeide/plugins/com.st.stm32cube.ide.mcu.externaltools.gnu-tools-for-stm32.7-2018-q2-update.win32_1.5.0.202011040924/tools/bin/../lib/gcc/arm-none-eabi/7.3.1/../../../../arm-none-eabi/lib/thumb/v7e-m/fpv5/hard\libc_nano.a(lib_a-memcpy-stub.o)
                0x0000000008005ed8                memcpy
 .text.memset   0x0000000008005eee       0x10 c:/st/stm32cubeide_1.5.1/stm32cubeide/plugins/com.st.stm32cube.ide.mcu.externaltools.gnu-tools-for-stm32.7-2018-q2-update.win32_1.5.0.202011040924/tools/bin/../lib/gcc/arm-none-eabi/7.3.1/../../../../arm-none-eabi/lib/thumb/v7e-m/fpv5/hard\libc_nano.a(lib_a-memset.o)
                0x0000000008005eee                memset
 *(.glue_7)
 .glue_7        0x0000000008005efe        0x0 linker stubs
 *(.glue_7t)
 .glue_7t       0x0000000008005efe        0x0 linker stubs
 *(.eh_frame)
 *fill*         0x0000000008005efe        0x2 
 .eh_frame      0x0000000008005f00        0x0 c:/st/stm32cubeide_1.5.1/stm32cubeide/plugins/com.st.stm32cube.ide.mcu.externaltools.gnu-tools-for-stm32.7-2018-q2-update.win32_1.5.0.202011040924/tools/bin/../lib/gcc/arm-none-eabi/7.3.1/thumb/v7e-m/fpv5/hard/crtbegin.o
 *(.init)
 .init          0x0000000008005f00        0x4 c:/st/stm32cubeide_1.5.1/stm32cubeide/plugins/com.st.stm32cube.ide.mcu.externaltools.gnu-tools-for-stm32.7-2018-q2-update.win32_1.5.0.202011040924/tools/bin/../lib/gcc/arm-none-eabi/7.3.1/thumb/v7e-m/fpv5/hard/crti.o
                0x0000000008005f00                _init
 .init          0x0000000008005f04        0x8 c:/st/stm32cubeide_1.5.1/stm32cubeide/plugins/com.st.stm32cube.ide.mcu.externaltools.gnu-tools-for-stm32.7-2018-q2-update.win32_1.5.0.202011040924/tools/bin/../lib/gcc/arm-none-eabi/7.3.1/thumb/v7e-m/fpv5/hard/crtn.o
 *(.fini)
 .fini          0x0000000008005f0c        0x4 c:/st/stm32cubeide_1.5.1/stm32cubeide/plugins/com.st.stm32cube.ide.mcu.externaltools.gnu-tools-for-stm32.7-2018-q2-update.win32_1.5.0.202011040924/tools/bin/../lib/gcc/arm-none-eabi/7.3.1/thumb/v7e-m/fpv5/hard/crti.o
                0x0000000008005f0c                _fini
 .fini          0x0000000008005f10        0x8 c:/st/stm32cubeide_1.5.1/stm32cubeide/plugins/com.st.stm32cube.ide.mcu.externaltools.gnu-tools-for-stm32.7-2018-q2-update.win32_1.5.0.202011040924/tools/bin/../lib/gcc/arm-none-eabi/7.3.1/thumb/v7e-m/fpv5/hard/crtn.o
                0x0000000008005f18                . = ALIGN (0x4)
                0x0000000008005f18                _etext = .

.vfp11_veneer   0x0000000008005f18        0x0
 .vfp11_veneer  0x0000000008005f18        0x0 linker stubs

.v4_bx          0x0000000008005f18        0x0
 .v4_bx         0x0000000008005f18        0x0 linker stubs

.iplt           0x0000000008005f18        0x0
 .iplt          0x0000000008005f18        0x0 c:/st/stm32cubeide_1.5.1/stm32cubeide/plugins/com.st.stm32cube.ide.mcu.externaltools.gnu-tools-for-stm32.7-2018-q2-update.win32_1.5.0.202011040924/tools/bin/../lib/gcc/arm-none-eabi/7.3.1/thumb/v7e-m/fpv5/hard/crtbegin.o

.rodata         0x0000000008005f18       0x94
                0x0000000008005f18                . = ALIGN (0x4)
 *(.rodata)
 .rodata        0x0000000008005f18       0x4c Drivers/STM32H7xx_HAL_Driver/Src/stm32h7xx_hal_fdcan.o
 .rodata        0x0000000008005f64       0x10 Drivers/STM32H7xx_HAL_Driver/Src/stm32h7xx_hal_uart_ex.o
 *(.rodata*)
 .rodata.D1CorePrescTable
                0x0000000008005f74       0x10 Core/Src/system_stm32h7xx.o
                0x0000000008005f74                D1CorePrescTable
 .rodata.DLCtoBytes
                0x0000000008005f84       0x10 Drivers/STM32H7xx_HAL_Driver/Src/stm32h7xx_hal_fdcan.o
 .rodata.UARTPrescTable
                0x0000000008005f94       0x18 Drivers/STM32H7xx_HAL_Driver/Src/stm32h7xx_hal_uart.o
                0x0000000008005f94                UARTPrescTable
                0x0000000008005fac                . = ALIGN (0x4)

.ARM.extab      0x0000000008005fac        0x0
                0x0000000008005fac                . = ALIGN (0x4)
 *(.ARM.extab* .gnu.linkonce.armextab.*)
                0x0000000008005fac                . = ALIGN (0x4)

.ARM            0x0000000008005fac        0x8
                0x0000000008005fac                . = ALIGN (0x4)
                0x0000000008005fac                __exidx_start = .
 *(.ARM.exidx*)
 .ARM.exidx     0x0000000008005fac        0x8 c:/st/stm32cubeide_1.5.1/stm32cubeide/plugins/com.st.stm32cube.ide.mcu.externaltools.gnu-tools-for-stm32.7-2018-q2-update.win32_1.5.0.202011040924/tools/bin/../lib/gcc/arm-none-eabi/7.3.1/thumb/v7e-m/fpv5/hard\libgcc.a(_udivmoddi4.o)
                0x0000000008005fb4                __exidx_end = .
                0x0000000008005fb4                . = ALIGN (0x4)

.rel.dyn        0x0000000008005fb4        0x0
 .rel.iplt      0x0000000008005fb4        0x0 c:/st/stm32cubeide_1.5.1/stm32cubeide/plugins/com.st.stm32cube.ide.mcu.externaltools.gnu-tools-for-stm32.7-2018-q2-update.win32_1.5.0.202011040924/tools/bin/../lib/gcc/arm-none-eabi/7.3.1/thumb/v7e-m/fpv5/hard/crtbegin.o

.preinit_array  0x0000000008005fb4        0x0
                0x0000000008005fb4                . = ALIGN (0x4)
                0x0000000008005fb4                PROVIDE (__preinit_array_start = .)
 *(.preinit_array*)
                0x0000000008005fb4                PROVIDE (__preinit_array_end = .)
                0x0000000008005fb4                . = ALIGN (0x4)

.init_array     0x0000000008005fb4        0x4
                0x0000000008005fb4                . = ALIGN (0x4)
                0x0000000008005fb4                PROVIDE (__init_array_start = .)
 *(SORT_BY_NAME(.init_array.*))
 *(.init_array*)
 .init_array    0x0000000008005fb4        0x4 c:/st/stm32cubeide_1.5.1/stm32cubeide/plugins/com.st.stm32cube.ide.mcu.externaltools.gnu-tools-for-stm32.7-2018-q2-update.win32_1.5.0.202011040924/tools/bin/../lib/gcc/arm-none-eabi/7.3.1/thumb/v7e-m/fpv5/hard/crtbegin.o
                0x0000000008005fb8                PROVIDE (__init_array_end = .)
                0x0000000008005fb8                . = ALIGN (0x4)

.fini_array     0x0000000008005fb8        0x4
                0x0000000008005fb8                . = ALIGN (0x4)
                [!provide]                        PROVIDE (__fini_array_start = .)
 *(SORT_BY_NAME(.fini_array.*))
 *(.fini_array*)
 .fini_array    0x0000000008005fb8        0x4 c:/st/stm32cubeide_1.5.1/stm32cubeide/plugins/com.st.stm32cube.ide.mcu.externaltools.gnu-tools-for-stm32.7-2018-q2-update.win32_1.5.0.202011040924/tools/bin/../lib/gcc/arm-none-eabi/7.3.1/thumb/v7e-m/fpv5/hard/crtbegin.o
                [!provide]                        PROVIDE (__fini_array_end = .)
                0x0000000008005fbc                . = ALIGN (0x4)
                0x0000000008005fbc                _sidata = LOADADDR (.data)

.data           0x0000000024000000       0x10 load address 0x0000000008005fbc
                0x0000000024000000                . = ALIGN (0x4)
                0x0000000024000000                _sdata = .
 *(.data)
 *(.data*)
 .data.SystemCoreClock
                0x0000000024000000        0x4 Core/Src/system_stm32h7xx.o
                0x0000000024000000                SystemCoreClock
 .data.SystemD2Clock
                0x0000000024000004        0x4 Core/Src/system_stm32h7xx.o
                0x0000000024000004                SystemD2Clock
 .data.uwTickPrio
                0x0000000024000008        0x4 Drivers/STM32H7xx_HAL_Driver/Src/stm32h7xx_hal.o
                0x0000000024000008                uwTickPrio
 .data.uwTickFreq
                0x000000002400000c        0x1 Drivers/STM32H7xx_HAL_Driver/Src/stm32h7xx_hal.o
                0x000000002400000c                uwTickFreq
 *(.RamFunc)
 *(.RamFunc*)
                0x0000000024000010                . = ALIGN (0x4)
 *fill*         0x000000002400000d        0x3 
                0x0000000024000010                _edata = .

.igot.plt       0x0000000024000010        0x0 load address 0x0000000008005fcc
 .igot.plt      0x0000000024000010        0x0 c:/st/stm32cubeide_1.5.1/stm32cubeide/plugins/com.st.stm32cube.ide.mcu.externaltools.gnu-tools-for-stm32.7-2018-q2-update.win32_1.5.0.202011040924/tools/bin/../lib/gcc/arm-none-eabi/7.3.1/thumb/v7e-m/fpv5/hard/crtbegin.o
                0x0000000024000010                . = ALIGN (0x4)

.bss            0x0000000024000010      0x204 load address 0x0000000008005fcc
                0x0000000024000010                _sbss = .
                0x0000000024000010                __bss_start__ = _sbss
 *(.bss)
 .bss           0x0000000024000010       0x1c c:/st/stm32cubeide_1.5.1/stm32cubeide/plugins/com.st.stm32cube.ide.mcu.externaltools.gnu-tools-for-stm32.7-2018-q2-update.win32_1.5.0.202011040924/tools/bin/../lib/gcc/arm-none-eabi/7.3.1/thumb/v7e-m/fpv5/hard/crtbegin.o
 *(.bss*)
 .bss.can_ptr   0x000000002400002c        0x4 Core/Src/general_can.o
 .bss.TxHeader  0x0000000024000030       0x24 Core/Src/general_can.o
 *(COMMON)
 COMMON         0x0000000024000054       0x3c Core/Src/general_can.o
                0x0000000024000054                idgeneral
                0x0000000024000058                datageneral
                0x0000000024000060                RxData
                0x0000000024000068                RxHeader
 COMMON         0x0000000024000090      0x180 Core/Src/main.o
                0x0000000024000090                hfdcan1
                0x000000002400017c                TxData
                0x0000000024000184                huart4
 COMMON         0x0000000024000210        0x4 Drivers/STM32H7xx_HAL_Driver/Src/stm32h7xx_hal.o
                0x0000000024000210                uwTick
                0x0000000024000214                . = ALIGN (0x4)
                0x0000000024000214                _ebss = .
                0x0000000024000214                __bss_end__ = _ebss

._user_heap_stack
                0x0000000024000214      0x604 load address 0x0000000008005fcc
                0x0000000024000218                . = ALIGN (0x8)
 *fill*         0x0000000024000214        0x4 
                [!provide]                        PROVIDE (end = .)
                0x0000000024000218                PROVIDE (_end = .)
                0x0000000024000418                . = (. + _Min_Heap_Size)
 *fill*         0x0000000024000218      0x200 
                0x0000000024000818                . = (. + _Min_Stack_Size)
 *fill*         0x0000000024000418      0x400 
                0x0000000024000818                . = ALIGN (0x8)

/DISCARD/
 libc.a(*)
 libm.a(*)
 libgcc.a(*)

.ARM.attributes
                0x0000000000000000       0x2e
 *(.ARM.attributes)
 .ARM.attributes
                0x0000000000000000       0x20 c:/st/stm32cubeide_1.5.1/stm32cubeide/plugins/com.st.stm32cube.ide.mcu.externaltools.gnu-tools-for-stm32.7-2018-q2-update.win32_1.5.0.202011040924/tools/bin/../lib/gcc/arm-none-eabi/7.3.1/thumb/v7e-m/fpv5/hard/crti.o
 .ARM.attributes
                0x0000000000000020       0x32 c:/st/stm32cubeide_1.5.1/stm32cubeide/plugins/com.st.stm32cube.ide.mcu.externaltools.gnu-tools-for-stm32.7-2018-q2-update.win32_1.5.0.202011040924/tools/bin/../lib/gcc/arm-none-eabi/7.3.1/thumb/v7e-m/fpv5/hard/crtbegin.o
 .ARM.attributes
                0x0000000000000052       0x37 Core/Src/CAN_handler.o
 .ARM.attributes
                0x0000000000000089       0x37 Core/Src/Initializers.o
 .ARM.attributes
                0x00000000000000c0       0x37 Core/Src/general_can.o
 .ARM.attributes
                0x00000000000000f7       0x37 Core/Src/main.o
 .ARM.attributes
                0x000000000000012e       0x37 Core/Src/stm32h7xx_hal_msp.o
 .ARM.attributes
                0x0000000000000165       0x37 Core/Src/stm32h7xx_it.o
 .ARM.attributes
                0x000000000000019c       0x37 Core/Src/system_stm32h7xx.o
 .ARM.attributes
                0x00000000000001d3       0x21 Core/Startup/startup_stm32h743vitx.o
 .ARM.attributes
                0x00000000000001f4       0x37 Drivers/STM32H7xx_HAL_Driver/Src/stm32h7xx_hal.o
 .ARM.attributes
                0x000000000000022b       0x37 Drivers/STM32H7xx_HAL_Driver/Src/stm32h7xx_hal_cortex.o
 .ARM.attributes
                0x0000000000000262       0x37 Drivers/STM32H7xx_HAL_Driver/Src/stm32h7xx_hal_fdcan.o
 .ARM.attributes
                0x0000000000000299       0x37 Drivers/STM32H7xx_HAL_Driver/Src/stm32h7xx_hal_gpio.o
 .ARM.attributes
                0x00000000000002d0       0x37 Drivers/STM32H7xx_HAL_Driver/Src/stm32h7xx_hal_pwr_ex.o
 .ARM.attributes
                0x0000000000000307       0x37 Drivers/STM32H7xx_HAL_Driver/Src/stm32h7xx_hal_rcc.o
 .ARM.attributes
                0x000000000000033e       0x37 Drivers/STM32H7xx_HAL_Driver/Src/stm32h7xx_hal_rcc_ex.o
 .ARM.attributes
                0x0000000000000375       0x37 Drivers/STM32H7xx_HAL_Driver/Src/stm32h7xx_hal_uart.o
 .ARM.attributes
                0x00000000000003ac       0x37 Drivers/STM32H7xx_HAL_Driver/Src/stm32h7xx_hal_uart_ex.o
 .ARM.attributes
                0x00000000000003e3       0x32 c:/st/stm32cubeide_1.5.1/stm32cubeide/plugins/com.st.stm32cube.ide.mcu.externaltools.gnu-tools-for-stm32.7-2018-q2-update.win32_1.5.0.202011040924/tools/bin/../lib/gcc/arm-none-eabi/7.3.1/../../../../arm-none-eabi/lib/thumb/v7e-m/fpv5/hard\libc_nano.a(lib_a-init.o)
 .ARM.attributes
                0x0000000000000415       0x32 c:/st/stm32cubeide_1.5.1/stm32cubeide/plugins/com.st.stm32cube.ide.mcu.externaltools.gnu-tools-for-stm32.7-2018-q2-update.win32_1.5.0.202011040924/tools/bin/../lib/gcc/arm-none-eabi/7.3.1/../../../../arm-none-eabi/lib/thumb/v7e-m/fpv5/hard\libc_nano.a(lib_a-memcpy-stub.o)
 .ARM.attributes
                0x0000000000000447       0x32 c:/st/stm32cubeide_1.5.1/stm32cubeide/plugins/com.st.stm32cube.ide.mcu.externaltools.gnu-tools-for-stm32.7-2018-q2-update.win32_1.5.0.202011040924/tools/bin/../lib/gcc/arm-none-eabi/7.3.1/../../../../arm-none-eabi/lib/thumb/v7e-m/fpv5/hard\libc_nano.a(lib_a-memset.o)
 .ARM.attributes
                0x0000000000000479       0x20 c:/st/stm32cubeide_1.5.1/stm32cubeide/plugins/com.st.stm32cube.ide.mcu.externaltools.gnu-tools-for-stm32.7-2018-q2-update.win32_1.5.0.202011040924/tools/bin/../lib/gcc/arm-none-eabi/7.3.1/thumb/v7e-m/fpv5/hard\libgcc.a(_aeabi_uldivmod.o)
 .ARM.attributes
                0x0000000000000499       0x32 c:/st/stm32cubeide_1.5.1/stm32cubeide/plugins/com.st.stm32cube.ide.mcu.externaltools.gnu-tools-for-stm32.7-2018-q2-update.win32_1.5.0.202011040924/tools/bin/../lib/gcc/arm-none-eabi/7.3.1/thumb/v7e-m/fpv5/hard\libgcc.a(_udivmoddi4.o)
 .ARM.attributes
                0x00000000000004cb       0x20 c:/st/stm32cubeide_1.5.1/stm32cubeide/plugins/com.st.stm32cube.ide.mcu.externaltools.gnu-tools-for-stm32.7-2018-q2-update.win32_1.5.0.202011040924/tools/bin/../lib/gcc/arm-none-eabi/7.3.1/thumb/v7e-m/fpv5/hard\libgcc.a(_dvmd_tls.o)
 .ARM.attributes
                0x00000000000004eb       0x20 c:/st/stm32cubeide_1.5.1/stm32cubeide/plugins/com.st.stm32cube.ide.mcu.externaltools.gnu-tools-for-stm32.7-2018-q2-update.win32_1.5.0.202011040924/tools/bin/../lib/gcc/arm-none-eabi/7.3.1/thumb/v7e-m/fpv5/hard/crtn.o
OUTPUT(TesteCANN.elf elf32-littlearm)

.debug_info     0x0000000000000000    0x1c180
 .debug_info    0x0000000000000000     0x1473 Core/Src/CAN_handler.o
 .debug_info    0x0000000000001473     0x1336 Core/Src/Initializers.o
 .debug_info    0x00000000000027a9     0x168a Core/Src/general_can.o
 .debug_info    0x0000000000003e33     0x2582 Core/Src/main.o
 .debug_info    0x00000000000063b5     0x221f Core/Src/stm32h7xx_hal_msp.o
 .debug_info    0x00000000000085d4     0x13e0 Core/Src/stm32h7xx_it.o
 .debug_info    0x00000000000099b4     0x161d Core/Src/system_stm32h7xx.o
 .debug_info    0x000000000000afd1       0x22 Core/Startup/startup_stm32h743vitx.o
 .debug_info    0x000000000000aff3     0x1e3c Drivers/STM32H7xx_HAL_Driver/Src/stm32h7xx_hal.o
 .debug_info    0x000000000000ce2f     0x1ab0 Drivers/STM32H7xx_HAL_Driver/Src/stm32h7xx_hal_cortex.o
 .debug_info    0x000000000000e8df     0x3c99 Drivers/STM32H7xx_HAL_Driver/Src/stm32h7xx_hal_fdcan.o
 .debug_info    0x0000000000012578     0x1666 Drivers/STM32H7xx_HAL_Driver/Src/stm32h7xx_hal_gpio.o
 .debug_info    0x0000000000013bde     0x1951 Drivers/STM32H7xx_HAL_Driver/Src/stm32h7xx_hal_pwr_ex.o
 .debug_info    0x000000000001552f     0x17c7 Drivers/STM32H7xx_HAL_Driver/Src/stm32h7xx_hal_rcc.o
 .debug_info    0x0000000000016cf6     0x1b37 Drivers/STM32H7xx_HAL_Driver/Src/stm32h7xx_hal_rcc_ex.o
 .debug_info    0x000000000001882d     0x24aa Drivers/STM32H7xx_HAL_Driver/Src/stm32h7xx_hal_uart.o
 .debug_info    0x000000000001acd7     0x14a9 Drivers/STM32H7xx_HAL_Driver/Src/stm32h7xx_hal_uart_ex.o

.debug_abbrev   0x0000000000000000     0x29d0
 .debug_abbrev  0x0000000000000000      0x215 Core/Src/CAN_handler.o
 .debug_abbrev  0x0000000000000215      0x1d8 Core/Src/Initializers.o
 .debug_abbrev  0x00000000000003ed      0x285 Core/Src/general_can.o
 .debug_abbrev  0x0000000000000672      0x2ed Core/Src/main.o
 .debug_abbrev  0x000000000000095f      0x226 Core/Src/stm32h7xx_hal_msp.o
 .debug_abbrev  0x0000000000000b85      0x1f2 Core/Src/stm32h7xx_it.o
 .debug_abbrev  0x0000000000000d77      0x22e Core/Src/system_stm32h7xx.o
 .debug_abbrev  0x0000000000000fa5       0x12 Core/Startup/startup_stm32h743vitx.o
 .debug_abbrev  0x0000000000000fb7      0x2d9 Drivers/STM32H7xx_HAL_Driver/Src/stm32h7xx_hal.o
 .debug_abbrev  0x0000000000001290      0x3b5 Drivers/STM32H7xx_HAL_Driver/Src/stm32h7xx_hal_cortex.o
 .debug_abbrev  0x0000000000001645      0x304 Drivers/STM32H7xx_HAL_Driver/Src/stm32h7xx_hal_fdcan.o
 .debug_abbrev  0x0000000000001949      0x28f Drivers/STM32H7xx_HAL_Driver/Src/stm32h7xx_hal_gpio.o
 .debug_abbrev  0x0000000000001bd8      0x311 Drivers/STM32H7xx_HAL_Driver/Src/stm32h7xx_hal_pwr_ex.o
 .debug_abbrev  0x0000000000001ee9      0x2e2 Drivers/STM32H7xx_HAL_Driver/Src/stm32h7xx_hal_rcc.o
 .debug_abbrev  0x00000000000021cb      0x2db Drivers/STM32H7xx_HAL_Driver/Src/stm32h7xx_hal_rcc_ex.o
 .debug_abbrev  0x00000000000024a6      0x2bb Drivers/STM32H7xx_HAL_Driver/Src/stm32h7xx_hal_uart.o
 .debug_abbrev  0x0000000000002761      0x26f Drivers/STM32H7xx_HAL_Driver/Src/stm32h7xx_hal_uart_ex.o

.debug_aranges  0x0000000000000000      0xe78
 .debug_aranges
                0x0000000000000000       0x20 Core/Src/CAN_handler.o
 .debug_aranges
                0x0000000000000020       0x20 Core/Src/Initializers.o
 .debug_aranges
                0x0000000000000040       0x30 Core/Src/general_can.o
 .debug_aranges
                0x0000000000000070       0x50 Core/Src/main.o
 .debug_aranges
                0x00000000000000c0       0x40 Core/Src/stm32h7xx_hal_msp.o
 .debug_aranges
                0x0000000000000100       0x70 Core/Src/stm32h7xx_it.o
 .debug_aranges
                0x0000000000000170       0x28 Core/Src/system_stm32h7xx.o
 .debug_aranges
                0x0000000000000198       0x28 Core/Startup/startup_stm32h743vitx.o
 .debug_aranges
                0x00000000000001c0      0x1b8 Drivers/STM32H7xx_HAL_Driver/Src/stm32h7xx_hal.o
 .debug_aranges
                0x0000000000000378      0x120 Drivers/STM32H7xx_HAL_Driver/Src/stm32h7xx_hal_cortex.o
 .debug_aranges
                0x0000000000000498      0x3f8 Drivers/STM32H7xx_HAL_Driver/Src/stm32h7xx_hal_fdcan.o
 .debug_aranges
                0x0000000000000890       0x58 Drivers/STM32H7xx_HAL_Driver/Src/stm32h7xx_hal_gpio.o
 .debug_aranges
                0x00000000000008e8      0x158 Drivers/STM32H7xx_HAL_Driver/Src/stm32h7xx_hal_pwr_ex.o
 .debug_aranges
                0x0000000000000a40       0x88 Drivers/STM32H7xx_HAL_Driver/Src/stm32h7xx_hal_rcc.o
 .debug_aranges
                0x0000000000000ac8       0xf8 Drivers/STM32H7xx_HAL_Driver/Src/stm32h7xx_hal_rcc_ex.o
 .debug_aranges
                0x0000000000000bc0      0x230 Drivers/STM32H7xx_HAL_Driver/Src/stm32h7xx_hal_uart.o
 .debug_aranges
                0x0000000000000df0       0x88 Drivers/STM32H7xx_HAL_Driver/Src/stm32h7xx_hal_uart_ex.o

.debug_ranges   0x0000000000000000      0xd70
 .debug_ranges  0x0000000000000000       0x10 Core/Src/CAN_handler.o
 .debug_ranges  0x0000000000000010       0x10 Core/Src/Initializers.o
 .debug_ranges  0x0000000000000020       0x20 Core/Src/general_can.o
 .debug_ranges  0x0000000000000040       0x40 Core/Src/main.o
 .debug_ranges  0x0000000000000080       0x30 Core/Src/stm32h7xx_hal_msp.o
 .debug_ranges  0x00000000000000b0       0x60 Core/Src/stm32h7xx_it.o
 .debug_ranges  0x0000000000000110       0x18 Core/Src/system_stm32h7xx.o
 .debug_ranges  0x0000000000000128       0x20 Core/Startup/startup_stm32h743vitx.o
 .debug_ranges  0x0000000000000148      0x1a8 Drivers/STM32H7xx_HAL_Driver/Src/stm32h7xx_hal.o
 .debug_ranges  0x00000000000002f0      0x110 Drivers/STM32H7xx_HAL_Driver/Src/stm32h7xx_hal_cortex.o
 .debug_ranges  0x0000000000000400      0x3e8 Drivers/STM32H7xx_HAL_Driver/Src/stm32h7xx_hal_fdcan.o
 .debug_ranges  0x00000000000007e8       0x48 Drivers/STM32H7xx_HAL_Driver/Src/stm32h7xx_hal_gpio.o
 .debug_ranges  0x0000000000000830      0x148 Drivers/STM32H7xx_HAL_Driver/Src/stm32h7xx_hal_pwr_ex.o
 .debug_ranges  0x0000000000000978       0x78 Drivers/STM32H7xx_HAL_Driver/Src/stm32h7xx_hal_rcc.o
 .debug_ranges  0x00000000000009f0       0xe8 Drivers/STM32H7xx_HAL_Driver/Src/stm32h7xx_hal_rcc_ex.o
 .debug_ranges  0x0000000000000ad8      0x220 Drivers/STM32H7xx_HAL_Driver/Src/stm32h7xx_hal_uart.o
 .debug_ranges  0x0000000000000cf8       0x78 Drivers/STM32H7xx_HAL_Driver/Src/stm32h7xx_hal_uart_ex.o

.debug_macro    0x0000000000000000    0x3654e
 .debug_macro   0x0000000000000000      0x29a Core/Src/CAN_handler.o
 .debug_macro   0x000000000000029a      0xa66 Core/Src/CAN_handler.o
 .debug_macro   0x0000000000000d00       0x2e Core/Src/CAN_handler.o
 .debug_macro   0x0000000000000d2e       0x3b Core/Src/CAN_handler.o
 .debug_macro   0x0000000000000d69       0x22 Core/Src/CAN_handler.o
 .debug_macro   0x0000000000000d8b       0x8e Core/Src/CAN_handler.o
 .debug_macro   0x0000000000000e19       0x51 Core/Src/CAN_handler.o
 .debug_macro   0x0000000000000e6a       0xef Core/Src/CAN_handler.o
 .debug_macro   0x0000000000000f59       0x6a Core/Src/CAN_handler.o
 .debug_macro   0x0000000000000fc3      0x1df Core/Src/CAN_handler.o
 .debug_macro   0x00000000000011a2       0x1c Core/Src/CAN_handler.o
 .debug_macro   0x00000000000011be       0x22 Core/Src/CAN_handler.o
 .debug_macro   0x00000000000011e0       0xdf Core/Src/CAN_handler.o
 .debug_macro   0x00000000000012bf     0x12cd Core/Src/CAN_handler.o
 .debug_macro   0x000000000000258c      0x11f Core/Src/CAN_handler.o
 .debug_macro   0x00000000000026ab       0x19 Core/Src/CAN_handler.o
 .debug_macro   0x00000000000026c4    0x2538b Core/Src/CAN_handler.o
 .debug_macro   0x0000000000027a4f       0x43 Core/Src/CAN_handler.o
 .debug_macro   0x0000000000027a92      0x238 Core/Src/CAN_handler.o
 .debug_macro   0x0000000000027cca     0x3cd3 Core/Src/CAN_handler.o
 .debug_macro   0x000000000002b99d      0x174 Core/Src/CAN_handler.o
 .debug_macro   0x000000000002bb11       0x46 Core/Src/CAN_handler.o
 .debug_macro   0x000000000002bb57       0x17 Core/Src/CAN_handler.o
 .debug_macro   0x000000000002bb6e       0x3c Core/Src/CAN_handler.o
 .debug_macro   0x000000000002bbaa       0x34 Core/Src/CAN_handler.o
 .debug_macro   0x000000000002bbde       0x52 Core/Src/CAN_handler.o
 .debug_macro   0x000000000002bc30       0x1f Core/Src/CAN_handler.o
 .debug_macro   0x000000000002bc4f       0x43 Core/Src/CAN_handler.o
 .debug_macro   0x000000000002bc92       0x20 Core/Src/CAN_handler.o
 .debug_macro   0x000000000002bcb2      0x1a3 Core/Src/CAN_handler.o
 .debug_macro   0x000000000002be55      0x32a Core/Src/CAN_handler.o
 .debug_macro   0x000000000002c17f      0x1e1 Core/Src/CAN_handler.o
 .debug_macro   0x000000000002c360       0x54 Core/Src/CAN_handler.o
 .debug_macro   0x000000000002c3b4     0x2382 Core/Src/CAN_handler.o
 .debug_macro   0x000000000002e736     0x1009 Core/Src/CAN_handler.o
 .debug_macro   0x000000000002f73f      0x138 Core/Src/CAN_handler.o
 .debug_macro   0x000000000002f877      0x117 Core/Src/CAN_handler.o
 .debug_macro   0x000000000002f98e      0x3b2 Core/Src/CAN_handler.o
 .debug_macro   0x000000000002fd40       0x27 Core/Src/CAN_handler.o
 .debug_macro   0x000000000002fd67      0x72d Core/Src/CAN_handler.o
 .debug_macro   0x0000000000030494      0x229 Core/Src/CAN_handler.o
 .debug_macro   0x00000000000306bd       0x66 Core/Src/CAN_handler.o
 .debug_macro   0x0000000000030723      0x3bb Core/Src/CAN_handler.o
 .debug_macro   0x0000000000030ade      0x3e5 Core/Src/CAN_handler.o
 .debug_macro   0x0000000000030ec3      0x275 Core/Src/CAN_handler.o
 .debug_macro   0x0000000000031138      0xe3b Core/Src/CAN_handler.o
 .debug_macro   0x0000000000031f73      0x3cb Core/Src/CAN_handler.o
 .debug_macro   0x000000000003233e      0x41d Core/Src/CAN_handler.o
 .debug_macro   0x000000000003275b       0x51 Core/Src/CAN_handler.o
 .debug_macro   0x00000000000327ac       0x4a Core/Src/CAN_handler.o
 .debug_macro   0x00000000000327f6      0x22c Core/Src/CAN_handler.o
 .debug_macro   0x0000000000032a22       0x64 Core/Src/CAN_handler.o
 .debug_macro   0x0000000000032a86       0xa5 Core/Src/CAN_handler.o
 .debug_macro   0x0000000000032b2b      0x1c5 Core/Src/CAN_handler.o
 .debug_macro   0x0000000000032cf0      0x25f Core/Src/CAN_handler.o
 .debug_macro   0x0000000000032f4f       0x35 Core/Src/CAN_handler.o
 .debug_macro   0x0000000000032f84      0x662 Core/Src/CAN_handler.o
 .debug_macro   0x00000000000335e6       0xa6 Core/Src/CAN_handler.o
 .debug_macro   0x000000000003368c      0x5a0 Core/Src/CAN_handler.o
 .debug_macro   0x0000000000033c2c      0x2ae Core/Src/Initializers.o
 .debug_macro   0x0000000000033eda      0x2a4 Core/Src/general_can.o
 .debug_macro   0x000000000003417e      0x2b7 Core/Src/main.o
 .debug_macro   0x0000000000034435       0x58 Core/Src/main.o
 .debug_macro   0x000000000003448d      0x29a Core/Src/stm32h7xx_hal_msp.o
 .debug_macro   0x0000000000034727      0x2a4 Core/Src/stm32h7xx_it.o
 .debug_macro   0x00000000000349cb      0x296 Core/Src/system_stm32h7xx.o
 .debug_macro   0x0000000000034c61      0x2ba Drivers/STM32H7xx_HAL_Driver/Src/stm32h7xx_hal.o
 .debug_macro   0x0000000000034f1b      0x290 Drivers/STM32H7xx_HAL_Driver/Src/stm32h7xx_hal_cortex.o
 .debug_macro   0x00000000000351ab      0x355 Drivers/STM32H7xx_HAL_Driver/Src/stm32h7xx_hal_fdcan.o
 .debug_macro   0x0000000000035500      0x2cc Drivers/STM32H7xx_HAL_Driver/Src/stm32h7xx_hal_gpio.o
 .debug_macro   0x00000000000357cc      0x2c9 Drivers/STM32H7xx_HAL_Driver/Src/stm32h7xx_hal_pwr_ex.o
 .debug_macro   0x0000000000035a95      0x2b4 Drivers/STM32H7xx_HAL_Driver/Src/stm32h7xx_hal_rcc.o
 .debug_macro   0x0000000000035d49      0x2ae Drivers/STM32H7xx_HAL_Driver/Src/stm32h7xx_hal_rcc_ex.o
 .debug_macro   0x0000000000035ff7      0x2bb Drivers/STM32H7xx_HAL_Driver/Src/stm32h7xx_hal_uart.o
 .debug_macro   0x00000000000362b2      0x29c Drivers/STM32H7xx_HAL_Driver/Src/stm32h7xx_hal_uart_ex.o

.debug_line     0x0000000000000000     0xbd55
 .debug_line    0x0000000000000000      0x83c Core/Src/CAN_handler.o
 .debug_line    0x000000000000083c      0x84c Core/Src/Initializers.o
 .debug_line    0x0000000000001088      0x87c Core/Src/general_can.o
 .debug_line    0x0000000000001904      0x93e Core/Src/main.o
 .debug_line    0x0000000000002242      0x893 Core/Src/stm32h7xx_hal_msp.o
 .debug_line    0x0000000000002ad5      0x8fc Core/Src/stm32h7xx_it.o
 .debug_line    0x00000000000033d1      0x87b Core/Src/system_stm32h7xx.o
 .debug_line    0x0000000000003c4c       0x87 Core/Startup/startup_stm32h743vitx.o
 .debug_line    0x0000000000003cd3      0xc2d Drivers/STM32H7xx_HAL_Driver/Src/stm32h7xx_hal.o
 .debug_line    0x0000000000004900      0xb6c Drivers/STM32H7xx_HAL_Driver/Src/stm32h7xx_hal_cortex.o
 .debug_line    0x000000000000546c     0x17da Drivers/STM32H7xx_HAL_Driver/Src/stm32h7xx_hal_fdcan.o
 .debug_line    0x0000000000006c46      0xa27 Drivers/STM32H7xx_HAL_Driver/Src/stm32h7xx_hal_gpio.o
 .debug_line    0x000000000000766d      0xc09 Drivers/STM32H7xx_HAL_Driver/Src/stm32h7xx_hal_pwr_ex.o
 .debug_line    0x0000000000008276      0xc0f Drivers/STM32H7xx_HAL_Driver/Src/stm32h7xx_hal_rcc.o
 .debug_line    0x0000000000008e85      0xe6d Drivers/STM32H7xx_HAL_Driver/Src/stm32h7xx_hal_rcc_ex.o
 .debug_line    0x0000000000009cf2     0x15c4 Drivers/STM32H7xx_HAL_Driver/Src/stm32h7xx_hal_uart.o
 .debug_line    0x000000000000b2b6      0xa9f Drivers/STM32H7xx_HAL_Driver/Src/stm32h7xx_hal_uart_ex.o

.debug_str      0x0000000000000000   0x15d938
 .debug_str     0x0000000000000000   0x157487 Core/Src/CAN_handler.o
                                     0x157b51 (size before relaxing)
 .debug_str     0x0000000000157487       0x5b Core/Src/Initializers.o
                                     0x157a8b (size before relaxing)
 .debug_str     0x00000000001574e2      0x120 Core/Src/general_can.o
                                     0x157c6a (size before relaxing)
 .debug_str     0x0000000000157602      0xd0e Core/Src/main.o
                                     0x1588be (size before relaxing)
 .debug_str     0x0000000000158310      0x85f Core/Src/stm32h7xx_hal_msp.o
                                     0x158a0d (size before relaxing)
 .debug_str     0x0000000000158b6f       0xe9 Core/Src/stm32h7xx_it.o
                                     0x157b2b (size before relaxing)
 .debug_str     0x0000000000158c58      0x328 Core/Src/system_stm32h7xx.o
                                     0x157939 (size before relaxing)
 .debug_str     0x0000000000158f80       0x36 Core/Startup/startup_stm32h743vitx.o
                                         0x72 (size before relaxing)
 .debug_str     0x0000000000158fb6      0x7d3 Drivers/STM32H7xx_HAL_Driver/Src/stm32h7xx_hal.o
                                     0x1587c6 (size before relaxing)
 .debug_str     0x0000000000159789      0x3a1 Drivers/STM32H7xx_HAL_Driver/Src/stm32h7xx_hal_cortex.o
                                     0x158251 (size before relaxing)
 .debug_str     0x0000000000159b2a     0x210a Drivers/STM32H7xx_HAL_Driver/Src/stm32h7xx_hal_fdcan.o
                                     0x159da1 (size before relaxing)
 .debug_str     0x000000000015bc34      0x21b Drivers/STM32H7xx_HAL_Driver/Src/stm32h7xx_hal_gpio.o
                                     0x1579d5 (size before relaxing)
 .debug_str     0x000000000015be4f      0x631 Drivers/STM32H7xx_HAL_Driver/Src/stm32h7xx_hal_pwr_ex.o
                                     0x157d9d (size before relaxing)
 .debug_str     0x000000000015c480      0x26c Drivers/STM32H7xx_HAL_Driver/Src/stm32h7xx_hal_rcc.o
                                     0x157c64 (size before relaxing)
 .debug_str     0x000000000015c6ec      0x665 Drivers/STM32H7xx_HAL_Driver/Src/stm32h7xx_hal_rcc_ex.o
                                     0x15812a (size before relaxing)
 .debug_str     0x000000000015cd51      0x958 Drivers/STM32H7xx_HAL_Driver/Src/stm32h7xx_hal_uart.o
                                     0x15858c (size before relaxing)
 .debug_str     0x000000000015d6a9      0x28f Drivers/STM32H7xx_HAL_Driver/Src/stm32h7xx_hal_uart_ex.o
                                     0x157bd6 (size before relaxing)

.comment        0x0000000000000000       0x7b
 .comment       0x0000000000000000       0x7b Core/Src/CAN_handler.o
                                         0x7c (size before relaxing)
 .comment       0x000000000000007b       0x7c Core/Src/Initializers.o
 .comment       0x000000000000007b       0x7c Core/Src/general_can.o
 .comment       0x000000000000007b       0x7c Core/Src/main.o
 .comment       0x000000000000007b       0x7c Core/Src/stm32h7xx_hal_msp.o
 .comment       0x000000000000007b       0x7c Core/Src/stm32h7xx_it.o
 .comment       0x000000000000007b       0x7c Core/Src/system_stm32h7xx.o
 .comment       0x000000000000007b       0x7c Drivers/STM32H7xx_HAL_Driver/Src/stm32h7xx_hal.o
 .comment       0x000000000000007b       0x7c Drivers/STM32H7xx_HAL_Driver/Src/stm32h7xx_hal_cortex.o
 .comment       0x000000000000007b       0x7c Drivers/STM32H7xx_HAL_Driver/Src/stm32h7xx_hal_fdcan.o
 .comment       0x000000000000007b       0x7c Drivers/STM32H7xx_HAL_Driver/Src/stm32h7xx_hal_gpio.o
 .comment       0x000000000000007b       0x7c Drivers/STM32H7xx_HAL_Driver/Src/stm32h7xx_hal_pwr_ex.o
 .comment       0x000000000000007b       0x7c Drivers/STM32H7xx_HAL_Driver/Src/stm32h7xx_hal_rcc.o
 .comment       0x000000000000007b       0x7c Drivers/STM32H7xx_HAL_Driver/Src/stm32h7xx_hal_rcc_ex.o
 .comment       0x000000000000007b       0x7c Drivers/STM32H7xx_HAL_Driver/Src/stm32h7xx_hal_uart.o
 .comment       0x000000000000007b       0x7c Drivers/STM32H7xx_HAL_Driver/Src/stm32h7xx_hal_uart_ex.o

.debug_frame    0x0000000000000000     0x3d14
 .debug_frame   0x0000000000000000       0x34 Core/Src/CAN_handler.o
 .debug_frame   0x0000000000000034       0x2c Core/Src/Initializers.o
 .debug_frame   0x0000000000000060       0x7c Core/Src/general_can.o
 .debug_frame   0x00000000000000dc       0xf4 Core/Src/main.o
 .debug_frame   0x00000000000001d0       0xc8 Core/Src/stm32h7xx_hal_msp.o
 .debug_frame   0x0000000000000298      0x13c Core/Src/stm32h7xx_it.o
 .debug_frame   0x00000000000003d4       0x58 Core/Src/system_stm32h7xx.o
 .debug_frame   0x000000000000042c      0x710 Drivers/STM32H7xx_HAL_Driver/Src/stm32h7xx_hal.o
 .debug_frame   0x0000000000000b3c      0x4b8 Drivers/STM32H7xx_HAL_Driver/Src/stm32h7xx_hal_cortex.o
 .debug_frame   0x0000000000000ff4     0x135c Drivers/STM32H7xx_HAL_Driver/Src/stm32h7xx_hal_fdcan.o
 .debug_frame   0x0000000000002350      0x14c Drivers/STM32H7xx_HAL_Driver/Src/stm32h7xx_hal_gpio.o
 .debug_frame   0x000000000000249c      0x580 Drivers/STM32H7xx_HAL_Driver/Src/stm32h7xx_hal_pwr_ex.o
 .debug_frame   0x0000000000002a1c      0x1f8 Drivers/STM32H7xx_HAL_Driver/Src/stm32h7xx_hal_rcc.o
 .debug_frame   0x0000000000002c14      0x3f4 Drivers/STM32H7xx_HAL_Driver/Src/stm32h7xx_hal_rcc_ex.o
 .debug_frame   0x0000000000003008      0xa0c Drivers/STM32H7xx_HAL_Driver/Src/stm32h7xx_hal_uart.o
 .debug_frame   0x0000000000003a14      0x22c Drivers/STM32H7xx_HAL_Driver/Src/stm32h7xx_hal_uart_ex.o
 .debug_frame   0x0000000000003c40       0x2c c:/st/stm32cubeide_1.5.1/stm32cubeide/plugins/com.st.stm32cube.ide.mcu.externaltools.gnu-tools-for-stm32.7-2018-q2-update.win32_1.5.0.202011040924/tools/bin/../lib/gcc/arm-none-eabi/7.3.1/../../../../arm-none-eabi/lib/thumb/v7e-m/fpv5/hard\libc_nano.a(lib_a-init.o)
 .debug_frame   0x0000000000003c6c       0x28 c:/st/stm32cubeide_1.5.1/stm32cubeide/plugins/com.st.stm32cube.ide.mcu.externaltools.gnu-tools-for-stm32.7-2018-q2-update.win32_1.5.0.202011040924/tools/bin/../lib/gcc/arm-none-eabi/7.3.1/../../../../arm-none-eabi/lib/thumb/v7e-m/fpv5/hard\libc_nano.a(lib_a-memcpy-stub.o)
 .debug_frame   0x0000000000003c94       0x20 c:/st/stm32cubeide_1.5.1/stm32cubeide/plugins/com.st.stm32cube.ide.mcu.externaltools.gnu-tools-for-stm32.7-2018-q2-update.win32_1.5.0.202011040924/tools/bin/../lib/gcc/arm-none-eabi/7.3.1/../../../../arm-none-eabi/lib/thumb/v7e-m/fpv5/hard\libc_nano.a(lib_a-memset.o)
 .debug_frame   0x0000000000003cb4       0x2c c:/st/stm32cubeide_1.5.1/stm32cubeide/plugins/com.st.stm32cube.ide.mcu.externaltools.gnu-tools-for-stm32.7-2018-q2-update.win32_1.5.0.202011040924/tools/bin/../lib/gcc/arm-none-eabi/7.3.1/thumb/v7e-m/fpv5/hard\libgcc.a(_aeabi_uldivmod.o)
 .debug_frame   0x0000000000003ce0       0x34 c:/st/stm32cubeide_1.5.1/stm32cubeide/plugins/com.st.stm32cube.ide.mcu.externaltools.gnu-tools-for-stm32.7-2018-q2-update.win32_1.5.0.202011040924/tools/bin/../lib/gcc/arm-none-eabi/7.3.1/thumb/v7e-m/fpv5/hard\libgcc.a(_udivmoddi4.o)
